// Jest Snapshot v1, https://goo.gl/fbAQLP

exports[`SplitLayout Component UI Render Test should render with SplitLayout child component 1`] = `
<div
  className="container"
>
  <GroupContainer
    key="group_container_0"
    onResize={[Function]}
    size={null}
    split="horizontal"
  >
    <div
      visible={true}
    >
      View 1
    </div>
    <div
      visible={true}
    >
      View 2
    </div>
  </GroupContainer>
</div>
`;
